2-11-30T15:54:15.676+0800: [GC (Allocation Failure) 2022-11-30T15:54:15.676+0800: [ParNew: 449594K->47213K(471872K), 0.0761273 secs] 517409K->120073K(3019584K), 0.0762392 secs] [Times: user=0.13 sys=0.00, real=0.08 secs] 
15:54:16.419 INFO  c.a.antcloud.dsrconsole.core.service.dispatcher.impl.CASecuritySigmaDispatcher - MeshSecurityDispatchModel is init and active.
15:54:16.630 ERROR druid.sql.Statement - {conn-110001, pstmt-120004} execute error. DELETE FROM menu_settings WHERE menu_id NOT IN
java.sql.SQLSyntaxErrorException: You have an error in your SQL syntax; check the manual that corresponds to your MySQL server version for the right syntax to use near '' at line 1
        at com.mysql.cj.jdbc.exceptions.SQLError.createSQLException(SQLError.java:120)
        at com.mysql.cj.jdbc.exceptions.SQLError.createSQLException(SQLError.java:97)
        at com.mysql.cj.jdbc.exceptions.SQLExceptionsMapping.translateException(SQLExceptionsMapping.java:122)
        at com.mysql.cj.jdbc.ClientPreparedStatement.executeInternal(ClientPreparedStatement.java:953)
        at com.mysql.cj.jdbc.ClientPreparedStatement.execute(ClientPreparedStatement.java:370)
        at com.alibaba.druid.filter.FilterChainImpl.preparedStatement_execute(FilterChainImpl.java:3409)
        at com.alibaba.druid.filter.FilterEventAdapter.preparedStatement_execute(FilterEventAdapter.java:440)
        at com.alibaba.druid.filter.FilterChainImpl.preparedStatement_execute(FilterChainImpl.java:3407)
        at com.alibaba.druid.filter.FilterEventAdapter.preparedStatement_execute(FilterEventAdapter.java:440)
        at com.alibaba.druid.filter.FilterChainImpl.preparedStatement_execute(FilterChainImpl.java:3407)
        at com.alibaba.druid.proxy.jdbc.PreparedStatementProxyImpl.execute(PreparedStatementProxyImpl.java:167)
        at com.alibaba.druid.pool.DruidPooledPreparedStatement.execute(DruidPooledPreparedStatement.java:498)
        at org.apache.ibatis.executor.statement.PreparedStatementHandler.update(PreparedStatementHandler.java:47)
        at org.apache.ibatis.executor.statement.RoutingStatementHandler.update(RoutingStatementHandler.java:74)
        at org.apache.ibatis.executor.SimpleExecutor.doUpdate(SimpleExecutor.java:50)
        at org.apache.ibatis.executor.BaseExecutor.update(BaseExecutor.java:117)
        at org.apache.ibatis.executor.CachingExecutor.update(CachingExecutor.java:76)
        at org.apache.ibatis.session.defaults.DefaultSqlSession.update(DefaultSqlSession.java:194)
        at org.apache.ibatis.session.defaults.DefaultSqlSession.delete(DefaultSqlSession.java:209)
        at sun.reflect.NativeMethodAccessorImpl.invoke0(Native Method)
        at sun.reflect.NativeMethodAccessorImpl.invoke(NativeMethodAccessorImpl.java:62)
        at sun.reflect.DelegatingMethodAccessorImpl.invoke(DelegatingMethodAccessorImpl.java:43)
        at java.lang.reflect.Method.invoke(Method.java:498)
        at org.mybatis.spring.SqlSessionTemplate$SqlSessionInterceptor.invoke(SqlSessionTemplate.java:434)
        at com.sun.proxy.$Proxy141.delete(Unknown Source)
        at org.mybatis.spring.SqlSessionTemplate.delete(SqlSessionTemplate.java:311)
        at org.apache.ibatis.binding.MapperMethod.execute(MapperMethod.java:72)
        at org.apache.ibatis.binding.MapperProxy$PlainMethodInvoker.invoke(MapperProxy.java:145)
        at org.apache.ibatis.binding.MapperProxy.invoke(MapperProxy.java:86)
        at com.sun.proxy.$Proxy336.deleteNotInIds(Unknown Source)
        at sun.reflect.NativeMethodAccessorImpl.invoke0(Native Method)
        at sun.reflect.NativeMethodAccessorImpl.invoke(NativeMethodAccessorImpl.java:62)
        at sun.reflect.DelegatingMethodAccessorImpl.invoke(DelegatingMethodAccessorImpl.java:43)
        at java.lang.reflect.Method.invoke(Method.java:498)
        at org.springframework.aop.support.AopUtils.invokeJoinpointUsingReflection(AopUtils.java:344)
        at org.springframework.aop.framework.ReflectiveMethodInvocation.invokeJoinpoint(ReflectiveMethodInvocation.java:198)
        at org.springframework.aop.framework.ReflectiveMethodInvocation.proceed(ReflectiveMethodInvocation.java:163)
        at com.alipay.antcloud.dsrconsole.core.service.interceptor.DAOInterceptor.invoke(DAOInterceptor.java:45)
        at org.springframework.aop.framework.ReflectiveMethodInvocation.proceed(ReflectiveMethodInvocation.java:186)
        at org.springframework.aop.framework.JdkDynamicAopProxy.invoke(JdkDynamicAopProxy.java:212)
        at com.sun.proxy.$Proxy337.deleteNotInIds(Unknown Source)
        at com.alipay.antcloud.dsrconsole.core.service.system.service.impl.SystemSettingsServiceImpl.saveMenus(SystemSettingsServiceImpl.java:67)
        at com.alipay.antcloud.dsrconsole.endpoint.webui.WebUIConfig.setMenus(WebUIConfig.java:112)
        at sun.reflect.NativeMethodAccessorImpl.invoke0(Native Method)
        at sun.reflect.NativeMethodAccessorImpl.invoke(NativeMethodAccessorImpl.java:62)
        at sun.reflect.DelegatingMethodAccessorImpl.invoke(DelegatingMethodAccessorImpl.java:43)
        at java.lang.reflect.Method.invoke(Method.java:498)
        at com.alipay.drm.client.update.ResourceAttributeUpdater.updateResource(ResourceAttributeUpdater.java:102)
        at com.alipay.drm.client.update.ResourceAttributeUpdater.updateStringValueForAttributeV3(ResourceAttributeUpdater.java:194)
        at com.alipay.drm.client.update.ResourceAttributeUpdater.updateStringValueForAttribute(ResourceAttributeUpdater.java:167)
        at com.alipay.drm.client.assembly.ResourceInitializer.doUpdate(ResourceInitializer.java:200)
        at com.alipay.drm.client.assembly.ResourceInitializer.initForAttribute(ResourceInitializer.java:174)
        at com.alipay.drm.client.assembly.ResourceInitializer.initAttribute(ResourceInitializer.java:93)
        at com.alipay.drm.client.assembly.register.RegisterAssembly.assembly(RegisterAssembly.java:96)
        at com.alipay.drm.client.manager.DistributedResourceManagerImpl.realRegister(DistributedResourceManagerImpl.java:240)
        at com.alipay.drm.client.manager.DistributedResourceManagerImpl.register(DistributedResourceManagerImpl.java:117)
        at com.alipay.antcloud.dsrconsole.endpoint.webui.WebUIConfig.init(WebUIConfig.java:124)
        at sun.reflect.NativeMethodAccessorImpl.invoke0(Native Method)
        at sun.reflect.NativeMethodAccessorImpl.invoke(NativeMethodAccessorImpl.java:62)
        at sun.reflect.DelegatingMethodAccessorImpl.invoke(DelegatingMethodAccessorImpl.java:43)
        at java.lang.reflect.Method.invoke(Method.java:498)
        at org.springframework.beans.factory.annotation.InitDestroyAnnotationBeanPostProcessor$LifecycleElement.invoke(InitDestroyAnnotationBeanPostProcessor.java:389)
        at org.springframework.beans.factory.annotation.InitDestroyAnnotationBeanPostProcessor$LifecycleMetadata.invokeInitMethods(InitDestroyAnnotationBeanPostProcessor.java:333)
        at org.springframework.beans.factory.annotation.InitDestroyAnnotationBeanPostProcessor.postProcessBeforeInitialization(InitDestroyAnnotationBeanPostProcessor.java:157)
        at org.springframework.beans.factory.support.AbstractAutowireCapableBeanFactory.applyBeanPostProcessorsBeforeInitialization(AbstractAutowireCapableBeanFactory.java:415)
        at org.springframework.beans.factory.support.AbstractAutowireCapableBeanFactory.initializeBean(AbstractAutowireCapableBeanFactory.java:1791)
        at org.springframework.beans.factory.support.AbstractAutowireCapableBeanFactory.doCreateBean(AbstractAutowireCapableBeanFactory.java:594)
        at org.springframework.beans.factory.support.AbstractAutowireCapableBeanFactory.createBean(AbstractAutowireCapableBeanFactory.java:516)
        at org.springframework.beans.factory.support.AbstractBeanFactory.lambda$doGetBean$0(AbstractBeanFactory.java:324)
        at org.springframework.beans.factory.support.DefaultSingletonBeanRegistry.getSingleton(DefaultSingletonBeanRegistry.java:234)
        at org.springframework.beans.factory.support.AbstractBeanFactory.doGetBean(AbstractBeanFactory.java:322)
        at org.springframework.beans.factory.support.AbstractBeanFactory.getBean(AbstractBeanFactory.java:202)
        at org.springframework.beans.factory.support.DefaultListableBeanFactory.preInstantiateSingletons(DefaultListableBeanFactory.java:897)
        at org.springframework.context.support.AbstractApplicationContext.finishBeanFactoryInitialization(AbstractApplicationContext.java:879)
        at org.springframework.context.support.AbstractApplicationContext.refresh(AbstractApplicationContext.java:551)
        at org.springframework.boot.web.servlet.context.ServletWebServerApplicationContext.refresh(ServletWebServerApplicationContext.java:143)
        at org.springframework.boot.SpringApplication.refresh(SpringApplication.java:758)
        at org.springframework.boot.SpringApplication.refresh(SpringApplication.java:750)
        at org.springframework.boot.SpringApplication.refreshContext(SpringApplication.java:405)
        at org.springframework.boot.SpringApplication.run(SpringApplication.java:315)
        at org.springframework.boot.SpringApplication.run(SpringApplication.java:1237)
        at org.springframework.boot.SpringApplication.run(SpringApplication.java:1226)
        at com.alipay.antcloud.dsrconsole.endpoint.SpringBootSOFALite2DsrconsoleApplication.main(SpringBootSOFALite2DsrconsoleApplication.java:26)
        at sun.reflect.NativeMethodAccessorImpl.invoke0(Native Method)
        at sun.reflect.NativeMethodAccessorImpl.invoke(NativeMethodAccessorImpl.java:62)
        at sun.reflect.DelegatingMethodAccessorImpl.invoke(DelegatingMethodAccessorImpl.java:43)
        at java.lang.reflect.Method.invoke(Method.java:498)
        at org.springframework.boot.loader.MainMethodRunner.run(MainMethodRunner.java:49)
        at org.springframework.boot.loader.Launcher.launch(Launcher.java:107)
        at org.springframework.boot.loader.Launcher.launch(Launcher.java:58)
        at org.springframework.boot.loader.JarLauncher.main(JarLauncher.java:88)
15:54:16.665 WARN  o.s.boot.web.servlet.context.AnnotationConfigServletWebServerApplicationContext - Exception encountered during context initialization - cancelling refresh attempt: org.springframework.beans.factory.BeanCreationException: Error creating bean with name 'webUIConfig': Invocation of init method failed; nested exception is java.lang.RuntimeException: Assembly drm attribute[menus] exception
15:54:16.674 INFO  org.springframework.scheduling.concurrent.ThreadPoolTaskScheduler - Shutting down ExecutorService 'changeServiceCheckScheduler'
15:54:16.675 INFO  org.springframework.scheduling.concurrent.ThreadPoolTaskExecutor - Shutting down ExecutorService 'changeServiceCheckThreadPool'
15:54:16.687 INFO  com.alibaba.druid.pool.DruidDataSource - {dataSource-1} closed
15:54:16.688 INFO  com.alibaba.druid.pool.DruidDataSource - {dataSource-2} closed
15:54:16.709 INFO  org.apache.catalina.core.StandardService - Stopping service [Tomcat]
15:54:16.747 INFO  o.s.boot.autoconfigure.logging.ConditionEvaluationReportLoggingListener - 

Error starting ApplicationContext. To display the conditions report re-run your application with 'debug' enabled.
15:54:16.750 ERROR org.springframework.boot.SpringApplication - Application run failed
org.springframework.beans.factory.BeanCreationException: Error creating bean with name 'webUIConfig': Invocation of init method failed; nested exception is java.lang.RuntimeException: Assembly drm attribute[menus] exception
        at org.springframework.beans.factory.annotation.InitDestroyAnnotationBeanPostProcessor.postProcessBeforeInitialization(InitDestroyAnnotationBeanPostProcessor.java:160)
        at org.springframework.beans.factory.support.AbstractAutowireCapableBeanFactory.applyBeanPostProcessorsBeforeInitialization(AbstractAutowireCapableBeanFactory.java:415)
        at org.springframework.beans.factory.support.AbstractAutowireCapableBeanFactory.initializeBean(AbstractAutowireCapableBeanFactory.java:1791)
        at org.springframework.beans.factory.support.AbstractAutowireCapableBeanFactory.doCreateBean(AbstractAutowireCapableBeanFactory.java:594)
        at org.springframework.beans.factory.support.AbstractAutowireCapableBeanFactory.createBean(AbstractAutowireCapableBeanFactory.java:516)
        at org.springframework.beans.factory.support.AbstractBeanFactory.lambda$doGetBean$0(AbstractBeanFactory.java:324)
        at org.springframework.beans.factory.support.DefaultSingletonBeanRegistry.getSingleton(DefaultSingletonBeanRegistry.java:234)
        at org.springframework.beans.factory.support.AbstractBeanFactory.doGetBean(AbstractBeanFactory.java:322)
        at org.springframework.beans.factory.support.AbstractBeanFactory.getBean(AbstractBeanFactory.java:202)
        at org.springframework.beans.factory.support.DefaultListableBeanFactory.preInstantiateSingletons(DefaultListableBeanFactory.java:897)
        at org.springframework.context.support.AbstractApplicationContext.finishBeanFactoryInitialization(AbstractApplicationContext.java:879)
        at org.springframework.context.support.AbstractApplicationContext.refresh(AbstractApplicationContext.java:551)
        at org.springframework.boot.web.servlet.context.ServletWebServerApplicationContext.refresh(ServletWebServerApplicationContext.java:143)
        at org.springframework.boot.SpringApplication.refresh(SpringApplication.java:758)
        at org.springframework.boot.SpringApplication.refresh(SpringApplication.java:750)
        at org.springframework.boot.SpringApplication.refreshContext(SpringApplication.java:405)
        at org.springframework.boot.SpringApplication.run(SpringApplication.java:315)
        at org.springframework.boot.SpringApplication.run(SpringApplication.java:1237)
        at org.springframework.boot.SpringApplication.run(SpringApplication.java:1226)
        at com.alipay.antcloud.dsrconsole.endpoint.SpringBootSOFALite2DsrconsoleApplication.main(SpringBootSOFALite2DsrconsoleApplication.java:26)
        at sun.reflect.NativeMethodAccessorImpl.invoke0(Native Method)
        at sun.reflect.NativeMethodAccessorImpl.invoke(NativeMethodAccessorImpl.java:62)
        at sun.reflect.DelegatingMethodAccessorImpl.invoke(DelegatingMethodAccessorImpl.java:43)
        at java.lang.reflect.Method.invoke(Method.java:498)
        at org.springframework.boot.loader.MainMethodRunner.run(MainMethodRunner.java:49)
        at org.springframework.boot.loader.Launcher.launch(Launcher.java:107)
        at org.springframework.boot.loader.Launcher.launch(Launcher.java:58)
        at org.springframework.boot.loader.JarLauncher.main(JarLauncher.java:88)
Caused by: java.lang.RuntimeException: Assembly drm attribute[menus] exception
        at com.alipay.drm.client.assembly.register.RegisterAssembly.assembly(RegisterAssembly.java:108)
        at com.alipay.drm.client.manager.DistributedResourceManagerImpl.realRegister(DistributedResourceManagerImpl.java:240)
        at com.alipay.drm.client.manager.DistributedResourceManagerImpl.register(DistributedResourceManagerImpl.java:117)
        at com.alipay.antcloud.dsrconsole.endpoint.webui.WebUIConfig.init(WebUIConfig.java:124)
        at sun.reflect.NativeMethodAccessorImpl.invoke0(Native Method)
        at sun.reflect.NativeMethodAccessorImpl.invoke(NativeMethodAccessorImpl.java:62)
        at sun.reflect.DelegatingMethodAccessorImpl.invoke(DelegatingMethodAccessorImpl.java:43)
        at java.lang.reflect.Method.invoke(Method.java:498)
        at org.springframework.beans.factory.annotation.InitDestroyAnnotationBeanPostProcessor$LifecycleElement.invoke(InitDestroyAnnotationBeanPostProcessor.java:389)
        at org.springframework.beans.factory.annotation.InitDestroyAnnotationBeanPostProcessor$LifecycleMetadata.invokeInitMethods(InitDestroyAnnotationBeanPostProcessor.java:333)
        at org.springframework.beans.factory.annotation.InitDestroyAnnotationBeanPostProcessor.postProcessBeforeInitialization(InitDestroyAnnotationBeanPostProcessor.java:157)
        ... 27 common frames omitted
Caused by: java.lang.RuntimeException: Update drm attribute failed! app = dsrconsole, attribute = menus
        at com.alipay.drm.client.update.ResourceAttributeUpdater.updateStringValueForAttributeV3(ResourceAttributeUpdater.java:205)
        at com.alipay.drm.client.update.ResourceAttributeUpdater.updateStringValueForAttribute(ResourceAttributeUpdater.java:167)
        at com.alipay.drm.client.assembly.ResourceInitializer.doUpdate(ResourceInitializer.java:200)
        at com.alipay.drm.client.assembly.ResourceInitializer.initForAttribute(ResourceInitializer.java:174)
        at com.alipay.drm.client.assembly.ResourceInitializer.initAttribute(ResourceInitializer.java:93)
        at com.alipay.drm.client.assembly.register.RegisterAssembly.assembly(RegisterAssembly.java:96)
        ... 37 common frames omitted
Caused by: java.lang.reflect.InvocationTargetException: null
        at sun.reflect.NativeMethodAccessorImpl.invoke0(Native Method)
        at sun.reflect.NativeMethodAccessorImpl.invoke(NativeMethodAccessorImpl.java:62)
        at sun.reflect.DelegatingMethodAccessorImpl.invoke(DelegatingMethodAccessorImpl.java:43)
        at java.lang.reflect.Method.invoke(Method.java:498)
        at com.alipay.drm.client.update.ResourceAttributeUpdater.updateResource(ResourceAttributeUpdater.java:102)
        at com.alipay.drm.client.update.ResourceAttributeUpdater.updateStringValueForAttributeV3(ResourceAttributeUpdater.java:194)
        ... 42 common frames omitted
Caused by: org.springframework.jdbc.BadSqlGrammarException: 
### Error updating database.  Cause: java.sql.SQLSyntaxErrorException: You have an error in your SQL syntax; check the manual that corresponds to your MySQL server version for the right syntax to use near '' at line 1
### The error may exist in com/alipay/antcloud/dsrconsole/common/dal/dao/MenuSettingDAO.java (best guess)
### The error may involve com.alipay.antcloud.dsrconsole.common.dal.dao.MenuSettingDAO.deleteNotInIds-Inline
### The error occurred while setting parameters
### SQL: DELETE FROM menu_settings WHERE menu_id NOT IN
### Cause: java.sql.SQLSyntaxErrorException: You have an error in your SQL syntax; check the manual that corresponds to your MySQL server version for the right syntax to use near '' at line 1
; bad SQL grammar []; nested exception is java.sql.SQLSyntaxErrorException: You have an error in your SQL syntax; check the manual that corresponds to your MySQL server version for the right syntax to use near '' at line 1
        at org.springframework.jdbc.support.SQLErrorCodeSQLExceptionTranslator.doTranslate(SQLErrorCodeSQLExceptionTranslator.java:239)
        at org.springframework.jdbc.support.AbstractFallbackSQLExceptionTranslator.translate(AbstractFallbackSQLExceptionTranslator.java:72)
        at org.mybatis.spring.MyBatisExceptionTranslator.translateExceptionIfPossible(MyBatisExceptionTranslator.java:75)
        at org.mybatis.spring.SqlSessionTemplate$SqlSessionInterceptor.invoke(SqlSessionTemplate.java:447)
        at com.sun.proxy.$Proxy141.delete(Unknown Source)
        at org.mybatis.spring.SqlSessionTemplate.delete(SqlSessionTemplate.java:311)
        at org.apache.ibatis.binding.MapperMethod.execute(MapperMethod.java:72)
        at org.apache.ibatis.binding.MapperProxy$PlainMethodInvoker.invoke(MapperProxy.java:145)
        at org.apache.ibatis.binding.MapperProxy.invoke(MapperProxy.java:86)
        at com.sun.proxy.$Proxy336.deleteNotInIds(Unknown Source)
        at sun.reflect.NativeMethodAccessorImpl.invoke0(Native Method)
        at sun.reflect.NativeMethodAccessorImpl.invoke(NativeMethodAccessorImpl.java:62)
        at sun.reflect.DelegatingMethodAccessorImpl.invoke(DelegatingMethodAccessorImpl.java:43)
        at java.lang.reflect.Method.invoke(Method.java:498)
        at org.springframework.aop.support.AopUtils.invokeJoinpointUsingReflection(AopUtils.java:344)
        at org.springframework.aop.framework.ReflectiveMethodInvocation.invokeJoinpoint(ReflectiveMethodInvocation.java:198)
        at org.springframework.aop.framework.ReflectiveMethodInvocation.proceed(ReflectiveMethodInvocation.java:163)
        at com.alipay.antcloud.dsrconsole.core.service.interceptor.DAOInterceptor.invoke(DAOInterceptor.java:45)
        at org.springframework.aop.framework.ReflectiveMethodInvocation.proceed(ReflectiveMethodInvocation.java:186)
        at org.springframework.aop.framework.JdkDynamicAopProxy.invoke(JdkDynamicAopProxy.java:212)
        at com.sun.proxy.$Proxy337.deleteNotInIds(Unknown Source)
        at com.alipay.antcloud.dsrconsole.core.service.system.service.impl.SystemSettingsServiceImpl.saveMenus(SystemSettingsServiceImpl.java:67)
        at com.alipay.antcloud.dsrconsole.endpoint.webui.WebUIConfig.setMenus(WebUIConfig.java:112)
        ... 48 common frames omitted
Caused by: java.sql.SQLSyntaxErrorException: You have an error in your SQL syntax; check the manual that corresponds to your MySQL server version for the right syntax to use near '' at line 1
        at com.mysql.cj.jdbc.exceptions.SQLError.createSQLException(SQLError.java:120)
        at com.mysql.cj.jdbc.exceptions.SQLError.createSQLException(SQLError.java:97)
        at com.mysql.cj.jdbc.exceptions.SQLExceptionsMapping.translateException(SQLExceptionsMapping.java:122)
        at com.mysql.cj.jdbc.ClientPreparedStatement.executeInternal(ClientPreparedStatement.java:953)
        at com.mysql.cj.jdbc.ClientPreparedStatement.execute(ClientPreparedStatement.java:370)
        at com.alibaba.druid.filter.FilterChainImpl.preparedStatement_execute(FilterChainImpl.java:3409)
        at com.alibaba.druid.filter.FilterEventAdapter.preparedStatement_execute(FilterEventAdapter.java:440)
        at com.alibaba.druid.filter.FilterChainImpl.preparedStatement_execute(FilterChainImpl.java:3407)
        at com.alibaba.druid.filter.FilterEventAdapter.preparedStatement_execute(FilterEventAdapter.java:440)
        at com.alibaba.druid.filter.FilterChainImpl.preparedStatement_execute(FilterChainImpl.java:3407)
        at com.alibaba.druid.proxy.jdbc.PreparedStatementProxyImpl.execute(PreparedStatementProxyImpl.java:167)
        at com.alibaba.druid.pool.DruidPooledPreparedStatement.execute(DruidPooledPreparedStatement.java:498)
        at org.apache.ibatis.executor.statement.PreparedStatementHandler.update(PreparedStatementHandler.java:47)
        at org.apache.ibatis.executor.statement.RoutingStatementHandler.update(RoutingStatementHandler.java:74)
        at org.apache.ibatis.executor.SimpleExecutor.doUpdate(SimpleExecutor.java:50)
        at org.apache.ibatis.executor.BaseExecutor.update(BaseExecutor.java:117)
        at org.apache.ibatis.executor.CachingExecutor.update(CachingExecutor.java:76)
        at org.apache.ibatis.session.defaults.DefaultSqlSession.update(DefaultSqlSession.java:194)
        at org.apache.ibatis.session.defaults.DefaultSqlSession.delete(DefaultSqlSession.java:209)
        at sun.reflect.NativeMethodAccessorImpl.invoke0(Native Method)
        at sun.reflect.NativeMethodAccessorImpl.invoke(NativeMethodAccessorImpl.java:62)
        at sun.reflect.DelegatingMethodAccessorImpl.invoke(DelegatingMethodAccessorImpl.java:43)
        at java.lang.reflect.Method.invoke(Method.java:498)
        at org.mybatis.spring.SqlSessionTemplate$SqlSessionInterceptor.invoke(SqlSessionTemplate.java:434)
        ... 67 common frames omitted
2022-11-30T15:54:21.079+0800: [GC (Allocation Failure) 2022-11-30T15:54:21.079+0800: [ParNew: 466669K->33016K(471872K), 0.0560081 secs] 539529K->108523K(3019584K), 0.0561194 secs] [Times: user=0.11 sys=0.00, real=0.05 secs] 